ARM Linker, RVCT4.0 [Build 728] [Evaluation]

==============================================================================

Section Cross References

    stm32f10x.o(RESET) refers to stm32f10x.o(STACK) for __initial_sp
    stm32f10x.o(RESET) refers to stm32f10x.o(.text) for Reset_Handler
    stm32f10x.o(.text) refers to __main.o(!!!main) for __main
    stm32f10x.o(.text) refers to stm32f10x.o(HEAP) for Heap_Mem
    stm32f10x.o(.text) refers to stm32f10x.o(STACK) for Stack_Mem
    infraredremote.o(.text) refers to armv10_std.o(.text) for lcd_init
    armv10_std.o(.text) refers to armv10_std.o(.constdata) for SWAP_DATA
    __main.o(!!!main) refers to rtentry.o(.ARM.Collect$$rtentry$$00000000) for __rt_entry
    rtentry.o(.ARM.Collect$$rtentry$$00000000) refers (Special) to rtentry2.o(.ARM.Collect$$rtentry$$0000000A) for __rt_entry_li
    rtentry.o(.ARM.Collect$$rtentry$$00000000) refers (Special) to rtentry2.o(.ARM.Collect$$rtentry$$0000000D) for __rt_entry_main
    rtentry.o(.ARM.Collect$$rtentry$$00000000) refers (Special) to rtentry2.o(.ARM.Collect$$rtentry$$0000000C) for __rt_entry_postli_1
    rtentry.o(.ARM.Collect$$rtentry$$00000000) refers (Special) to rtentry2.o(.ARM.Collect$$rtentry$$00000009) for __rt_entry_postsh_1
    rtentry.o(.ARM.Collect$$rtentry$$00000000) refers (Special) to rtentry2.o(.ARM.Collect$$rtentry$$00000002) for __rt_entry_presh_1
    rtentry.o(.ARM.Collect$$rtentry$$00000000) refers (Special) to rtentry4.o(.ARM.Collect$$rtentry$$00000004) for __rt_entry_sh
    rtentry.o(.ARM.exidx) refers (Special) to rtentry2.o(.ARM.Collect$$rtentry$$0000000A) for __rt_entry_li
    rtentry.o(.ARM.exidx) refers (Special) to rtentry2.o(.ARM.Collect$$rtentry$$0000000D) for __rt_entry_main
    rtentry.o(.ARM.exidx) refers (Special) to rtentry2.o(.ARM.Collect$$rtentry$$0000000C) for __rt_entry_postli_1
    rtentry.o(.ARM.exidx) refers (Special) to rtentry2.o(.ARM.Collect$$rtentry$$00000009) for __rt_entry_postsh_1
    rtentry.o(.ARM.exidx) refers (Special) to rtentry2.o(.ARM.Collect$$rtentry$$00000002) for __rt_entry_presh_1
    rtentry.o(.ARM.exidx) refers (Special) to rtentry4.o(.ARM.Collect$$rtentry$$00000004) for __rt_entry_sh
    rtentry.o(.ARM.exidx) refers to rtentry.o(.ARM.Collect$$rtentry$$00000000) for .ARM.Collect$$rtentry$$00000000
    rtentry2.o(.ARM.Collect$$rtentry$$00000008) refers to boardinit2.o(.text) for _platform_post_stackheap_init
    rtentry2.o(.ARM.Collect$$rtentry$$0000000A) refers to libinit.o(.ARM.Collect$$libinit$$00000000) for __rt_lib_init
    rtentry2.o(.ARM.Collect$$rtentry$$0000000B) refers to boardinit3.o(.text) for _platform_post_lib_init
    rtentry2.o(.ARM.Collect$$rtentry$$0000000D) refers to infraredremote.o(.text) for main
    rtentry2.o(.ARM.Collect$$rtentry$$0000000D) refers to exit.o(.text) for exit
    rtentry2.o(.ARM.exidx) refers to rtentry2.o(.ARM.Collect$$rtentry$$00000001) for .ARM.Collect$$rtentry$$00000001
    rtentry2.o(.ARM.exidx) refers to rtentry2.o(.ARM.Collect$$rtentry$$00000002) for .ARM.Collect$$rtentry$$00000002
    rtentry2.o(.ARM.exidx) refers to rtentry2.o(.ARM.Collect$$rtentry$$00000008) for .ARM.Collect$$rtentry$$00000008
    rtentry2.o(.ARM.exidx) refers to rtentry2.o(.ARM.Collect$$rtentry$$00000009) for .ARM.Collect$$rtentry$$00000009
    rtentry2.o(.ARM.exidx) refers to rtentry2.o(.ARM.Collect$$rtentry$$0000000A) for .ARM.Collect$$rtentry$$0000000A
    rtentry2.o(.ARM.exidx) refers to rtentry2.o(.ARM.Collect$$rtentry$$0000000B) for .ARM.Collect$$rtentry$$0000000B
    rtentry2.o(.ARM.exidx) refers to rtentry2.o(.ARM.Collect$$rtentry$$0000000C) for .ARM.Collect$$rtentry$$0000000C
    rtentry2.o(.ARM.exidx) refers to rtentry2.o(.ARM.Collect$$rtentry$$0000000D) for .ARM.Collect$$rtentry$$0000000D
    rtentry4.o(.ARM.Collect$$rtentry$$00000004) refers to sys_stackheap_outer.o(.text) for __user_setup_stackheap
    rtentry4.o(.ARM.exidx) refers to rtentry4.o(.ARM.Collect$$rtentry$$00000004) for .ARM.Collect$$rtentry$$00000004
    sys_stackheap_outer.o(.text) refers to libspace.o(.text) for __user_perproc_libspace
    sys_stackheap_outer.o(.text) refers to stm32f10x.o(.text) for __user_initial_stackheap
    exit.o(.text) refers to rtexit.o(.ARM.Collect$$rtexit$$00000000) for __rt_exit
    libinit.o(.ARM.Collect$$libinit$$00000000) refers (Special) to libinit2.o(.ARM.Collect$$libinit$$0000002A) for __rt_lib_init_alloca_1
    libinit.o(.ARM.Collect$$libinit$$00000000) refers (Special) to libinit2.o(.ARM.Collect$$libinit$$00000028) for __rt_lib_init_argv_1
    libinit.o(.ARM.Collect$$libinit$$00000000) refers (Special) to libinit2.o(.ARM.Collect$$libinit$$00000017) for __rt_lib_init_atexit_1
    libinit.o(.ARM.Collect$$libinit$$00000000) refers (Special) to libinit2.o(.ARM.Collect$$libinit$$0000001D) for __rt_lib_init_clock_1
    libinit.o(.ARM.Collect$$libinit$$00000000) refers (Special) to libinit2.o(.ARM.Collect$$libinit$$0000002E) for __rt_lib_init_cpp_1
    libinit.o(.ARM.Collect$$libinit$$00000000) refers (Special) to libinit2.o(.ARM.Collect$$libinit$$0000002C) for __rt_lib_init_exceptions_1
    libinit.o(.ARM.Collect$$libinit$$00000000) refers (Special) to libinit2.o(.ARM.Collect$$libinit$$0000001B) for __rt_lib_init_fp_trap_1
    libinit.o(.ARM.Collect$$libinit$$00000000) refers (Special) to libinit2.o(.ARM.Collect$$libinit$$0000001F) for __rt_lib_init_getenv_1
    libinit.o(.ARM.Collect$$libinit$$00000000) refers (Special) to libinit2.o(.ARM.Collect$$libinit$$00000006) for __rt_lib_init_heap_1
    libinit.o(.ARM.Collect$$libinit$$00000000) refers (Special) to libinit2.o(.ARM.Collect$$libinit$$0000000D) for __rt_lib_init_lc_collate_1
    libinit.o(.ARM.Collect$$libinit$$00000000) refers (Special) to libinit2.o(.ARM.Collect$$libinit$$0000000F) for __rt_lib_init_lc_ctype_1
    libinit.o(.ARM.Collect$$libinit$$00000000) refers (Special) to libinit2.o(.ARM.Collect$$libinit$$00000011) for __rt_lib_init_lc_monetary_1
    libinit.o(.ARM.Collect$$libinit$$00000000) refers (Special) to libinit2.o(.ARM.Collect$$libinit$$00000013) for __rt_lib_init_lc_numeric_1
    libinit.o(.ARM.Collect$$libinit$$00000000) refers (Special) to libinit2.o(.ARM.Collect$$libinit$$00000015) for __rt_lib_init_lc_time_1
    libinit.o(.ARM.Collect$$libinit$$00000000) refers (Special) to libinit2.o(.ARM.Collect$$libinit$$0000000A) for __rt_lib_init_rand_1
    libinit.o(.ARM.Collect$$libinit$$00000000) refers (Special) to libinit2.o(.ARM.Collect$$libinit$$0000002F) for __rt_lib_init_return
    libinit.o(.ARM.Collect$$libinit$$00000000) refers (Special) to libinit2.o(.ARM.Collect$$libinit$$00000019) for __rt_lib_init_signal_1
    libinit.o(.ARM.Collect$$libinit$$00000000) refers (Special) to libinit2.o(.ARM.Collect$$libinit$$00000021) for __rt_lib_init_stdio_1
    libinit.o(.ARM.Collect$$libinit$$00000000) refers (Special) to libinit2.o(.ARM.Collect$$libinit$$00000008) for __rt_lib_init_user_alloc_1
    libinit.o(.ARM.Collect$$libinit$$00000000) refers to fpinit.o(x$fpl$fpinit) for _fp_init
    libspace.o(.text) refers to libspace.o(.bss) for __libspace_start
    rtexit.o(.ARM.Collect$$rtexit$$00000000) refers (Special) to rtexit2.o(.ARM.Collect$$rtexit$$00000004) for __rt_exit_exit
    rtexit.o(.ARM.Collect$$rtexit$$00000000) refers (Special) to rtexit2.o(.ARM.Collect$$rtexit$$00000003) for __rt_exit_ls
    rtexit.o(.ARM.Collect$$rtexit$$00000000) refers (Special) to rtexit2.o(.ARM.Collect$$rtexit$$00000002) for __rt_exit_prels_1
    rtexit.o(.ARM.exidx) refers (Special) to rtexit2.o(.ARM.Collect$$rtexit$$00000004) for __rt_exit_exit
    rtexit.o(.ARM.exidx) refers (Special) to rtexit2.o(.ARM.Collect$$rtexit$$00000003) for __rt_exit_ls
    rtexit.o(.ARM.exidx) refers (Special) to rtexit2.o(.ARM.Collect$$rtexit$$00000002) for __rt_exit_prels_1
    rtexit.o(.ARM.exidx) refers to rtexit.o(.ARM.Collect$$rtexit$$00000000) for .ARM.Collect$$rtexit$$00000000
    libinit2.o(.ARM.Collect$$libinit$$0000000C) refers to libinit2.o(.ARM.Collect$$libinit$$0000000B) for .ARM.Collect$$libinit$$0000000B
    libinit2.o(.ARM.Collect$$libinit$$0000000E) refers to libinit2.o(.ARM.Collect$$libinit$$0000000B) for .ARM.Collect$$libinit$$0000000B
    libinit2.o(.ARM.Collect$$libinit$$00000010) refers to libinit2.o(.ARM.Collect$$libinit$$0000000B) for .ARM.Collect$$libinit$$0000000B
    libinit2.o(.ARM.Collect$$libinit$$00000012) refers to libinit2.o(.ARM.Collect$$libinit$$0000000B) for .ARM.Collect$$libinit$$0000000B
    libinit2.o(.ARM.Collect$$libinit$$00000014) refers to libinit2.o(.ARM.Collect$$libinit$$0000000B) for .ARM.Collect$$libinit$$0000000B
    libinit2.o(.ARM.Collect$$libinit$$00000022) refers to argv_veneer.o(.emb_text) for __ARM_argv_veneer
    libinit2.o(.ARM.Collect$$libinit$$00000023) refers to argv_veneer.o(.emb_text) for __ARM_argv_veneer
    fpinit.o(x$fpl$fpinit) refers to rt_fp_status_addr_intlibspace.o(.text) for __rt_fp_status_addr
    rtexit2.o(.ARM.Collect$$rtexit$$00000003) refers to libshutdown.o(.ARM.Collect$$libshutdown$$00000000) for __rt_lib_shutdown
    rtexit2.o(.ARM.Collect$$rtexit$$00000004) refers to sys_exit.o(.text) for _sys_exit
    rtexit2.o(.ARM.exidx) refers to rtexit2.o(.ARM.Collect$$rtexit$$00000001) for .ARM.Collect$$rtexit$$00000001
    rtexit2.o(.ARM.exidx) refers to rtexit2.o(.ARM.Collect$$rtexit$$00000002) for .ARM.Collect$$rtexit$$00000002
    rtexit2.o(.ARM.exidx) refers to rtexit2.o(.ARM.Collect$$rtexit$$00000003) for .ARM.Collect$$rtexit$$00000003
    rtexit2.o(.ARM.exidx) refers to rtexit2.o(.ARM.Collect$$rtexit$$00000004) for .ARM.Collect$$rtexit$$00000004
    rt_fp_status_addr.o(.text) refers to rt_fp_status_addr.o(.bss) for __rt_fp_status_addr_data
    rt_fp_status_addr_intlibspace.o(.text) refers to libspace.o(.bss) for __libspace_start
    argv_veneer.o(.emb_text) refers to no_argv.o(.text) for __ARM_get_argv
    sys_exit.o(.text) refers to use_no_semi.o(.text) for __I$use$semihosting
    _get_argv_nomalloc.o(.text) refers (Special) to hrguard.o(.text) for __heap_region$guard
    _get_argv_nomalloc.o(.text) refers to defsig_rtmem_outer.o(.text) for __rt_SIGRTMEM
    _get_argv_nomalloc.o(.text) refers to sys_command.o(.text) for _sys_command_string
    libshutdown.o(.ARM.Collect$$libshutdown$$00000000) refers (Special) to libshutdown2.o(.ARM.Collect$$libshutdown$$00000006) for __rt_lib_shutdown_fp_trap_1
    libshutdown.o(.ARM.Collect$$libshutdown$$00000000) refers (Special) to libshutdown2.o(.ARM.Collect$$libshutdown$$0000000E) for __rt_lib_shutdown_heap_1
    libshutdown.o(.ARM.Collect$$libshutdown$$00000000) refers (Special) to libshutdown2.o(.ARM.Collect$$libshutdown$$0000000F) for __rt_lib_shutdown_return
    libshutdown.o(.ARM.Collect$$libshutdown$$00000000) refers (Special) to libshutdown2.o(.ARM.Collect$$libshutdown$$00000009) for __rt_lib_shutdown_signal_1
    libshutdown.o(.ARM.Collect$$libshutdown$$00000000) refers (Special) to libshutdown2.o(.ARM.Collect$$libshutdown$$00000003) for __rt_lib_shutdown_stdio_1
    libshutdown.o(.ARM.Collect$$libshutdown$$00000000) refers (Special) to libshutdown2.o(.ARM.Collect$$libshutdown$$0000000B) for __rt_lib_shutdown_user_alloc_1
    sys_command.o(.text) refers (Special) to use_no_semi.o(.text) for __I$use$semihosting
    defsig_rtmem_outer.o(.text) refers to defsig_rtmem_inner.o(.text) for __rt_SIGRTMEM_inner
    defsig_rtmem_outer.o(.text) refers to defsig_exit.o(.text) for __sig_exit
    defsig_rtmem_formal.o(.text) refers to rt_raise.o(.text) for __rt_raise
    rt_raise.o(.text) refers to __raise.o(.text) for __raise
    rt_raise.o(.text) refers to sys_exit.o(.text) for _sys_exit
    defsig_exit.o(.text) refers to sys_exit.o(.text) for _sys_exit
    defsig_rtmem_inner.o(.text) refers to defsig_general.o(.text) for __default_signal_display
    __raise.o(.text) refers to defsig.o(CL$$defsig) for __default_signal_handler
    defsig_general.o(.text) refers to sys_wrch.o(.text) for _ttywrch
    sys_wrch.o(.text) refers (Special) to use_no_semi.o(.text) for __I$use$semihosting
    defsig.o(CL$$defsig) refers to defsig_rtmem_inner.o(.text) for __rt_SIGRTMEM_inner
    defsig_abrt_inner.o(.text) refers to defsig_general.o(.text) for __default_signal_display
    defsig_fpe_inner.o(.text) refers to defsig_general.o(.text) for __default_signal_display
    defsig_rtred_inner.o(.text) refers to defsig_general.o(.text) for __default_signal_display
    defsig_stak_inner.o(.text) refers to defsig_general.o(.text) for __default_signal_display
    defsig_pvfn_inner.o(.text) refers to defsig_general.o(.text) for __default_signal_display
    defsig_cppl_inner.o(.text) refers to defsig_general.o(.text) for __default_signal_display
    defsig_segv_inner.o(.text) refers to defsig_general.o(.text) for __default_signal_display
    defsig_other.o(.text) refers to defsig_general.o(.text) for __default_signal_display


==============================================================================

Image Symbol Table

    Local Symbols

    Symbol Name                              Value     Ov Type        Size  Object(Section)

    ../../angel/boardlib.s                   0x00000000   Number         0  boardshut.o ABSOLUTE
    ../../angel/boardlib.s                   0x00000000   Number         0  boardinit1.o ABSOLUTE
    ../../angel/boardlib.s                   0x00000000   Number         0  boardinit2.o ABSOLUTE
    ../../angel/boardlib.s                   0x00000000   Number         0  boardinit3.o ABSOLUTE
    ../../angel/handlers.s                   0x00000000   Number         0  __scatter_zi.o ABSOLUTE
    ../../angel/kernel.s                     0x00000000   Number         0  rtentry2.o ABSOLUTE
    ../../angel/kernel.s                     0x00000000   Number         0  rtexit.o ABSOLUTE
    ../../angel/kernel.s                     0x00000000   Number         0  rtexit2.o ABSOLUTE
    ../../angel/kernel.s                     0x00000000   Number         0  rtentry4.o ABSOLUTE
    ../../angel/kernel.s                     0x00000000   Number         0  rtentry.o ABSOLUTE
    ../../angel/rt.s                         0x00000000   Number         0  rt_raise.o ABSOLUTE
    ../../angel/rt.s                         0x00000000   Number         0  rt_fp_status_addr_intlibspace.o ABSOLUTE
    ../../angel/rt.s                         0x00000000   Number         0  rt_fp_status_addr.o ABSOLUTE
    ../../angel/scatter.s                    0x00000000   Number         0  __scatter.o ABSOLUTE
    ../../angel/startup.s                    0x00000000   Number         0  __main.o ABSOLUTE
    ../../angel/sys.s                        0x00000000   Number         0  libspace.o ABSOLUTE
    ../../angel/sys.s                        0x00000000   Number         0  sys_exit.o ABSOLUTE
    ../../angel/sys.s                        0x00000000   Number         0  sys_stackheap_outer.o ABSOLUTE
    ../../angel/sys.s                        0x00000000   Number         0  use_no_semi.o ABSOLUTE
    ../../angel/sysapp.c                     0x00000000   Number         0  sys_wrch.o ABSOLUTE
    ../../angel/sysapp.c                     0x00000000   Number         0  sys_command.o ABSOLUTE
    ../../armsys.c                           0x00000000   Number         0  argv_veneer.o ABSOLUTE
    ../../armsys.c                           0x00000000   Number         0  argv_veneer.o ABSOLUTE
    ../../armsys.c                           0x00000000   Number         0  no_argv.o ABSOLUTE
    ../../armsys.c                           0x00000000   Number         0  _get_argv_nomalloc.o ABSOLUTE
    ../../fpinit.s                           0x00000000   Number         0  fpinit.o ABSOLUTE
    ../../heapalloc.c                        0x00000000   Number         0  hrguard.o ABSOLUTE
    ../../libinit.s                          0x00000000   Number         0  libshutdown.o ABSOLUTE
    ../../libinit.s                          0x00000000   Number         0  libinit.o ABSOLUTE
    ../../libinit.s                          0x00000000   Number         0  libshutdown2.o ABSOLUTE
    ../../libinit.s                          0x00000000   Number         0  libinit2.o ABSOLUTE
    ../../signal.c                           0x00000000   Number         0  __raise.o ABSOLUTE
    ../../signal.c                           0x00000000   Number         0  defsig_general.o ABSOLUTE
    ../../signal.c                           0x00000000   Number         0  defsig_rtmem_formal.o ABSOLUTE
    ../../signal.c                           0x00000000   Number         0  defsig_exit.o ABSOLUTE
    ../../signal.c                           0x00000000   Number         0  defsig_stak_inner.o ABSOLUTE
    ../../signal.c                           0x00000000   Number         0  defsig_abrt_inner.o ABSOLUTE
    ../../signal.c                           0x00000000   Number         0  defsig_fpe_inner.o ABSOLUTE
    ../../signal.c                           0x00000000   Number         0  defsig_rtmem_outer.o ABSOLUTE
    ../../signal.c                           0x00000000   Number         0  defsig_pvfn_inner.o ABSOLUTE
    ../../signal.c                           0x00000000   Number         0  defsig_cppl_inner.o ABSOLUTE
    ../../signal.c                           0x00000000   Number         0  defsig_segv_inner.o ABSOLUTE
    ../../signal.c                           0x00000000   Number         0  defsig_other.o ABSOLUTE
    ../../signal.c                           0x00000000   Number         0  defsig_rtmem_inner.o ABSOLUTE
    ../../signal.c                           0x00000000   Number         0  defsig_rtred_inner.o ABSOLUTE
    ../../signal.s                           0x00000000   Number         0  defsig.o ABSOLUTE
    ../../stdlib.c                           0x00000000   Number         0  exit.o ABSOLUTE
    STM32F10x.s                              0x00000000   Number         0  stm32f10x.o ABSOLUTE
    armv10_std.c                             0x00000000   Number         0  armv10_std.o ABSOLUTE
    dc.s                                     0x00000000   Number         0  dc.o ABSOLUTE
    infraredremote.c                         0x00000000   Number         0  infraredremote.o ABSOLUTE
    RESET                                    0x08000000   Section      236  stm32f10x.o(RESET)
    !!!main                                  0x080000ec   Section        8  __main.o(!!!main)
    !!!scatter                               0x080000f4   Section       52  __scatter.o(!!!scatter)
    !!handler_zi                             0x08000128   Section       28  __scatter_zi.o(!!handler_zi)
    .ARM.Collect$$libinit$$00000000          0x08000144   Section        6  libinit.o(.ARM.Collect$$libinit$$00000000)
    .ARM.Collect$$libinit$$00000006          0x0800014a   Section        0  libinit2.o(.ARM.Collect$$libinit$$00000006)
    .ARM.Collect$$libinit$$00000008          0x0800014a   Section        0  libinit2.o(.ARM.Collect$$libinit$$00000008)
    .ARM.Collect$$libinit$$0000000A          0x0800014a   Section        0  libinit2.o(.ARM.Collect$$libinit$$0000000A)
    .ARM.Collect$$libinit$$0000000D          0x0800014a   Section        0  libinit2.o(.ARM.Collect$$libinit$$0000000D)
    .ARM.Collect$$libinit$$0000000F          0x0800014a   Section        0  libinit2.o(.ARM.Collect$$libinit$$0000000F)
    .ARM.Collect$$libinit$$00000011          0x0800014a   Section        0  libinit2.o(.ARM.Collect$$libinit$$00000011)
    .ARM.Collect$$libinit$$00000013          0x0800014a   Section        0  libinit2.o(.ARM.Collect$$libinit$$00000013)
    .ARM.Collect$$libinit$$00000015          0x0800014a   Section        0  libinit2.o(.ARM.Collect$$libinit$$00000015)
    .ARM.Collect$$libinit$$00000017          0x0800014a   Section        0  libinit2.o(.ARM.Collect$$libinit$$00000017)
    .ARM.Collect$$libinit$$00000019          0x0800014a   Section        0  libinit2.o(.ARM.Collect$$libinit$$00000019)
    .ARM.Collect$$libinit$$0000001B          0x0800014a   Section        0  libinit2.o(.ARM.Collect$$libinit$$0000001B)
    .ARM.Collect$$libinit$$0000001D          0x0800014a   Section        0  libinit2.o(.ARM.Collect$$libinit$$0000001D)
    .ARM.Collect$$libinit$$0000001F          0x0800014a   Section        0  libinit2.o(.ARM.Collect$$libinit$$0000001F)
    .ARM.Collect$$libinit$$00000021          0x0800014a   Section        0  libinit2.o(.ARM.Collect$$libinit$$00000021)
    .ARM.Collect$$libinit$$00000028          0x0800014a   Section        0  libinit2.o(.ARM.Collect$$libinit$$00000028)
    .ARM.Collect$$libinit$$0000002A          0x0800014a   Section        0  libinit2.o(.ARM.Collect$$libinit$$0000002A)
    .ARM.Collect$$libinit$$0000002C          0x0800014a   Section        0  libinit2.o(.ARM.Collect$$libinit$$0000002C)
    .ARM.Collect$$libinit$$0000002E          0x0800014a   Section        0  libinit2.o(.ARM.Collect$$libinit$$0000002E)
    .ARM.Collect$$libinit$$0000002F          0x0800014a   Section        2  libinit2.o(.ARM.Collect$$libinit$$0000002F)
    .ARM.Collect$$libshutdown$$00000000      0x0800014c   Section        2  libshutdown.o(.ARM.Collect$$libshutdown$$00000000)
    .ARM.Collect$$libshutdown$$00000003      0x0800014e   Section        0  libshutdown2.o(.ARM.Collect$$libshutdown$$00000003)
    .ARM.Collect$$libshutdown$$00000006      0x0800014e   Section        0  libshutdown2.o(.ARM.Collect$$libshutdown$$00000006)
    .ARM.Collect$$libshutdown$$00000009      0x0800014e   Section        0  libshutdown2.o(.ARM.Collect$$libshutdown$$00000009)
    .ARM.Collect$$libshutdown$$0000000B      0x0800014e   Section        0  libshutdown2.o(.ARM.Collect$$libshutdown$$0000000B)
    .ARM.Collect$$libshutdown$$0000000E      0x0800014e   Section        0  libshutdown2.o(.ARM.Collect$$libshutdown$$0000000E)
    .ARM.Collect$$libshutdown$$0000000F      0x0800014e   Section        2  libshutdown2.o(.ARM.Collect$$libshutdown$$0000000F)
    .ARM.Collect$$rtentry$$00000000          0x08000150   Section        0  rtentry.o(.ARM.Collect$$rtentry$$00000000)
    .ARM.Collect$$rtentry$$00000002          0x08000150   Section        0  rtentry2.o(.ARM.Collect$$rtentry$$00000002)
    .ARM.Collect$$rtentry$$00000004          0x08000150   Section        6  rtentry4.o(.ARM.Collect$$rtentry$$00000004)
    .ARM.Collect$$rtentry$$00000009          0x08000156   Section        0  rtentry2.o(.ARM.Collect$$rtentry$$00000009)
    .ARM.Collect$$rtentry$$0000000A          0x08000156   Section        4  rtentry2.o(.ARM.Collect$$rtentry$$0000000A)
    .ARM.Collect$$rtentry$$0000000C          0x0800015a   Section        0  rtentry2.o(.ARM.Collect$$rtentry$$0000000C)
    .ARM.Collect$$rtentry$$0000000D          0x0800015a   Section        8  rtentry2.o(.ARM.Collect$$rtentry$$0000000D)
    .ARM.Collect$$rtexit$$00000000           0x08000162   Section        2  rtexit.o(.ARM.Collect$$rtexit$$00000000)
    .ARM.Collect$$rtexit$$00000002           0x08000164   Section        0  rtexit2.o(.ARM.Collect$$rtexit$$00000002)
    .ARM.Collect$$rtexit$$00000003           0x08000164   Section        4  rtexit2.o(.ARM.Collect$$rtexit$$00000003)
    .ARM.Collect$$rtexit$$00000004           0x08000168   Section        6  rtexit2.o(.ARM.Collect$$rtexit$$00000004)
    .text                                    0x08000170   Section       52  stm32f10x.o(.text)
    .text                                    0x080001a4   Section        0  infraredremote.o(.text)
    .text                                    0x08000268   Section        0  armv10_std.o(.text)
    lcd_write_4bit                           0x0800055f   Thumb Code    72  armv10_std.o(.text)
    lcd_read_status                          0x080005a7   Thumb Code   162  armv10_std.o(.text)
    wait_while_busy                          0x08000649   Thumb Code    16  armv10_std.o(.text)
    .text                                    0x08000bac   Section       74  sys_stackheap_outer.o(.text)
    .text                                    0x08000bf6   Section        0  exit.o(.text)
    .text                                    0x08000c04   Section        8  libspace.o(.text)
    .text                                    0x08000c0c   Section       12  rt_fp_status_addr_intlibspace.o(.text)
    .text                                    0x08000c18   Section       20  sys_exit.o(.text)
    .text                                    0x08000c2c   Section        2  use_no_semi.o(.text)
    x$fpl$fpinit                             0x08000c2e   Section       14  fpinit.o(x$fpl$fpinit)
    .constdata                               0x08000c3c   Section      128  armv10_std.o(.constdata)
    .bss                                     0x20000000   Section       96  libspace.o(.bss)
    HEAP                                     0x20000060   Section        0  stm32f10x.o(HEAP)
    STACK                                    0x20000060   Section      512  stm32f10x.o(STACK)
    Heap_Mem                                 0x20000060   Data           0  stm32f10x.o(HEAP)
    Stack_Mem                                0x20000060   Data         512  stm32f10x.o(STACK)
    __initial_sp                             0x20000260   Data           0  stm32f10x.o(STACK)

    Global Symbols

    Symbol Name                              Value     Ov Type        Size  Object(Section)

    BuildAttributes$$THM_ISAv4$P$D$K$B$S$PE$A:L22UL41UL21$X:L11$S22US41US21$IEEE1$IW$USESV6$~STKCKD$USESV7$~SHL$OSPACE$ROPI$EBA8$UX$STANDARDLIB$REQ8$PRES8$EABIv2 0x00000000   Number         0  anon$$obj.o ABSOLUTE
    __ARM_use_no_argv                        0x00000000   Number         0  infraredremote.o ABSOLUTE
    __ARM_exceptions_init                     - Undefined Weak Reference
    __alloca_initialize                       - Undefined Weak Reference
    __cpp_initialize__aeabi_                  - Undefined Weak Reference
    __cxa_finalize                            - Undefined Weak Reference
    __rt_locale                               - Undefined Weak Reference
    __sigvec_lookup                           - Undefined Weak Reference
    _atexit_init                              - Undefined Weak Reference
    _call_atexit_fns                          - Undefined Weak Reference
    _clock_init                               - Undefined Weak Reference
    _fp_trap_init                             - Undefined Weak Reference
    _fp_trap_shutdown                         - Undefined Weak Reference
    _get_lc_collate                           - Undefined Weak Reference
    _get_lc_ctype                             - Undefined Weak Reference
    _get_lc_monetary                          - Undefined Weak Reference
    _get_lc_numeric                           - Undefined Weak Reference
    _get_lc_time                              - Undefined Weak Reference
    _getenv_init                              - Undefined Weak Reference
    _handle_redirection                       - Undefined Weak Reference
    _init_alloc                               - Undefined Weak Reference
    _init_user_alloc                          - Undefined Weak Reference
    _initio                                   - Undefined Weak Reference
    _rand_init                                - Undefined Weak Reference
    _signal_finish                            - Undefined Weak Reference
    _signal_init                              - Undefined Weak Reference
    _terminate_alloc                          - Undefined Weak Reference
    _terminate_user_alloc                     - Undefined Weak Reference
    _terminateio                              - Undefined Weak Reference
    __Vectors                                0x08000000   Data           4  stm32f10x.o(RESET)
    __main                                   0x080000ed   Thumb Code     8  __main.o(!!!main)
    __scatterload                            0x080000f5   Thumb Code     0  __scatter.o(!!!scatter)
    __scatterload_rt2                        0x080000f5   Thumb Code    44  __scatter.o(!!!scatter)
    __scatterload_rt2_thumb_only             0x080000f5   Thumb Code     0  __scatter.o(!!!scatter)
    __scatterload_null                       0x08000103   Thumb Code     0  __scatter.o(!!!scatter)
    __scatterload_zeroinit                   0x08000129   Thumb Code    28  __scatter_zi.o(!!handler_zi)
    __rt_lib_init                            0x08000145   Thumb Code     0  libinit.o(.ARM.Collect$$libinit$$00000000)
    __rt_lib_init_alloca_1                   0x0800014b   Thumb Code     0  libinit2.o(.ARM.Collect$$libinit$$0000002A)
    __rt_lib_init_argv_1                     0x0800014b   Thumb Code     0  libinit2.o(.ARM.Collect$$libinit$$00000028)
    __rt_lib_init_atexit_1                   0x0800014b   Thumb Code     0  libinit2.o(.ARM.Collect$$libinit$$00000017)
    __rt_lib_init_clock_1                    0x0800014b   Thumb Code     0  libinit2.o(.ARM.Collect$$libinit$$0000001D)
    __rt_lib_init_cpp_1                      0x0800014b   Thumb Code     0  libinit2.o(.ARM.Collect$$libinit$$0000002E)
    __rt_lib_init_exceptions_1               0x0800014b   Thumb Code     0  libinit2.o(.ARM.Collect$$libinit$$0000002C)
    __rt_lib_init_fp_trap_1                  0x0800014b   Thumb Code     0  libinit2.o(.ARM.Collect$$libinit$$0000001B)
    __rt_lib_init_getenv_1                   0x0800014b   Thumb Code     0  libinit2.o(.ARM.Collect$$libinit$$0000001F)
    __rt_lib_init_heap_1                     0x0800014b   Thumb Code     0  libinit2.o(.ARM.Collect$$libinit$$00000006)
    __rt_lib_init_lc_collate_1               0x0800014b   Thumb Code     0  libinit2.o(.ARM.Collect$$libinit$$0000000D)
    __rt_lib_init_lc_ctype_1                 0x0800014b   Thumb Code     0  libinit2.o(.ARM.Collect$$libinit$$0000000F)
    __rt_lib_init_lc_monetary_1              0x0800014b   Thumb Code     0  libinit2.o(.ARM.Collect$$libinit$$00000011)
    __rt_lib_init_lc_numeric_1               0x0800014b   Thumb Code     0  libinit2.o(.ARM.Collect$$libinit$$00000013)
    __rt_lib_init_lc_time_1                  0x0800014b   Thumb Code     0  libinit2.o(.ARM.Collect$$libinit$$00000015)
    __rt_lib_init_rand_1                     0x0800014b   Thumb Code     0  libinit2.o(.ARM.Collect$$libinit$$0000000A)
    __rt_lib_init_return                     0x0800014b   Thumb Code     0  libinit2.o(.ARM.Collect$$libinit$$0000002F)
    __rt_lib_init_signal_1                   0x0800014b   Thumb Code     0  libinit2.o(.ARM.Collect$$libinit$$00000019)
    __rt_lib_init_stdio_1                    0x0800014b   Thumb Code     0  libinit2.o(.ARM.Collect$$libinit$$00000021)
    __rt_lib_init_user_alloc_1               0x0800014b   Thumb Code     0  libinit2.o(.ARM.Collect$$libinit$$00000008)
    __rt_lib_shutdown                        0x0800014d   Thumb Code     0  libshutdown.o(.ARM.Collect$$libshutdown$$00000000)
    __rt_lib_shutdown_fp_trap_1              0x0800014f   Thumb Code     0  libshutdown2.o(.ARM.Collect$$libshutdown$$00000006)
    __rt_lib_shutdown_heap_1                 0x0800014f   Thumb Code     0  libshutdown2.o(.ARM.Collect$$libshutdown$$0000000E)
    __rt_lib_shutdown_return                 0x0800014f   Thumb Code     0  libshutdown2.o(.ARM.Collect$$libshutdown$$0000000F)
    __rt_lib_shutdown_signal_1               0x0800014f   Thumb Code     0  libshutdown2.o(.ARM.Collect$$libshutdown$$00000009)
    __rt_lib_shutdown_stdio_1                0x0800014f   Thumb Code     0  libshutdown2.o(.ARM.Collect$$libshutdown$$00000003)
    __rt_lib_shutdown_user_alloc_1           0x0800014f   Thumb Code     0  libshutdown2.o(.ARM.Collect$$libshutdown$$0000000B)
    __rt_entry                               0x08000151   Thumb Code     0  rtentry.o(.ARM.Collect$$rtentry$$00000000)
    __rt_entry_presh_1                       0x08000151   Thumb Code     0  rtentry2.o(.ARM.Collect$$rtentry$$00000002)
    __rt_entry_sh                            0x08000151   Thumb Code     0  rtentry4.o(.ARM.Collect$$rtentry$$00000004)
    __rt_entry_li                            0x08000157   Thumb Code     0  rtentry2.o(.ARM.Collect$$rtentry$$0000000A)
    __rt_entry_postsh_1                      0x08000157   Thumb Code     0  rtentry2.o(.ARM.Collect$$rtentry$$00000009)
    __rt_entry_main                          0x0800015b   Thumb Code     0  rtentry2.o(.ARM.Collect$$rtentry$$0000000D)
    __rt_entry_postli_1                      0x0800015b   Thumb Code     0  rtentry2.o(.ARM.Collect$$rtentry$$0000000C)
    __rt_exit                                0x08000163   Thumb Code     0  rtexit.o(.ARM.Collect$$rtexit$$00000000)
    __rt_exit_ls                             0x08000165   Thumb Code     0  rtexit2.o(.ARM.Collect$$rtexit$$00000003)
    __rt_exit_prels_1                        0x08000165   Thumb Code     0  rtexit2.o(.ARM.Collect$$rtexit$$00000002)
    __rt_exit_exit                           0x08000169   Thumb Code     0  rtexit2.o(.ARM.Collect$$rtexit$$00000004)
    Reset_Handler                            0x08000171   Thumb Code     4  stm32f10x.o(.text)
    NMI_Handler                              0x08000175   Thumb Code     2  stm32f10x.o(.text)
    HardFault_Handler                        0x08000177   Thumb Code     2  stm32f10x.o(.text)
    MemManage_Handler                        0x08000179   Thumb Code     2  stm32f10x.o(.text)
    BusFault_Handler                         0x0800017b   Thumb Code     2  stm32f10x.o(.text)
    UsageFault_Handler                       0x0800017d   Thumb Code     2  stm32f10x.o(.text)
    SVC_Handler                              0x0800017f   Thumb Code     2  stm32f10x.o(.text)
    DebugMon_Handler                         0x08000181   Thumb Code     2  stm32f10x.o(.text)
    PendSV_Handler                           0x08000183   Thumb Code     2  stm32f10x.o(.text)
    SysTick_Handler                          0x08000185   Thumb Code     2  stm32f10x.o(.text)
    ADC_IRQHandler                           0x08000187   Thumb Code     0  stm32f10x.o(.text)
    CAN_RX1_IRQHandler                       0x08000187   Thumb Code     0  stm32f10x.o(.text)
    CAN_SCE_IRQHandler                       0x08000187   Thumb Code     0  stm32f10x.o(.text)
    DMAChannel1_IRQHandler                   0x08000187   Thumb Code     0  stm32f10x.o(.text)
    DMAChannel2_IRQHandler                   0x08000187   Thumb Code     0  stm32f10x.o(.text)
    DMAChannel3_IRQHandler                   0x08000187   Thumb Code     0  stm32f10x.o(.text)
    DMAChannel4_IRQHandler                   0x08000187   Thumb Code     0  stm32f10x.o(.text)
    DMAChannel5_IRQHandler                   0x08000187   Thumb Code     0  stm32f10x.o(.text)
    DMAChannel6_IRQHandler                   0x08000187   Thumb Code     0  stm32f10x.o(.text)
    DMAChannel7_IRQHandler                   0x08000187   Thumb Code     0  stm32f10x.o(.text)
    EXTI0_IRQHandler                         0x08000187   Thumb Code     0  stm32f10x.o(.text)
    EXTI15_10_IRQHandler                     0x08000187   Thumb Code     0  stm32f10x.o(.text)
    EXTI1_IRQHandler                         0x08000187   Thumb Code     0  stm32f10x.o(.text)
    EXTI2_IRQHandler                         0x08000187   Thumb Code     0  stm32f10x.o(.text)
    EXTI3_IRQHandler                         0x08000187   Thumb Code     0  stm32f10x.o(.text)
    EXTI4_IRQHandler                         0x08000187   Thumb Code     0  stm32f10x.o(.text)
    EXTI9_5_IRQHandler                       0x08000187   Thumb Code     0  stm32f10x.o(.text)
    FLASH_IRQHandler                         0x08000187   Thumb Code     0  stm32f10x.o(.text)
    I2C1_ER_IRQHandler                       0x08000187   Thumb Code     0  stm32f10x.o(.text)
    I2C1_EV_IRQHandler                       0x08000187   Thumb Code     0  stm32f10x.o(.text)
    I2C2_ER_IRQHandler                       0x08000187   Thumb Code     0  stm32f10x.o(.text)
    I2C2_EV_IRQHandler                       0x08000187   Thumb Code     0  stm32f10x.o(.text)
    PVD_IRQHandler                           0x08000187   Thumb Code     0  stm32f10x.o(.text)
    RCC_IRQHandler                           0x08000187   Thumb Code     0  stm32f10x.o(.text)
    RTCAlarm_IRQHandler                      0x08000187   Thumb Code     0  stm32f10x.o(.text)
    RTC_IRQHandler                           0x08000187   Thumb Code     0  stm32f10x.o(.text)
    SPI1_IRQHandler                          0x08000187   Thumb Code     0  stm32f10x.o(.text)
    SPI2_IRQHandler                          0x08000187   Thumb Code     0  stm32f10x.o(.text)
    TAMPER_IRQHandler                        0x08000187   Thumb Code     0  stm32f10x.o(.text)
    TIM1_BRK_IRQHandler                      0x08000187   Thumb Code     0  stm32f10x.o(.text)
    TIM1_CC_IRQHandler                       0x08000187   Thumb Code     0  stm32f10x.o(.text)
    TIM1_TRG_COM_IRQHandler                  0x08000187   Thumb Code     0  stm32f10x.o(.text)
    TIM1_UP_IRQHandler                       0x08000187   Thumb Code     0  stm32f10x.o(.text)
    TIM2_IRQHandler                          0x08000187   Thumb Code     0  stm32f10x.o(.text)
    TIM3_IRQHandler                          0x08000187   Thumb Code     0  stm32f10x.o(.text)
    TIM4_IRQHandler                          0x08000187   Thumb Code     0  stm32f10x.o(.text)
    USART1_IRQHandler                        0x08000187   Thumb Code     0  stm32f10x.o(.text)
    USART2_IRQHandler                        0x08000187   Thumb Code     0  stm32f10x.o(.text)
    USART3_IRQHandler                        0x08000187   Thumb Code     0  stm32f10x.o(.text)
    USBWakeUp_IRQHandler                     0x08000187   Thumb Code     0  stm32f10x.o(.text)
    USB_HP_CAN_TX_IRQHandler                 0x08000187   Thumb Code     0  stm32f10x.o(.text)
    USB_LP_CAN_RX0_IRQHandler                0x08000187   Thumb Code     0  stm32f10x.o(.text)
    WWDG_IRQHandler                          0x08000187   Thumb Code     0  stm32f10x.o(.text)
    __user_initial_stackheap                 0x08000189   Thumb Code     0  stm32f10x.o(.text)
    nec_init                                 0x080001a5   Thumb Code    32  infraredremote.o(.text)
    main                                     0x080001c5   Thumb Code   146  infraredremote.o(.text)
    nib2asc                                  0x08000269   Thumb Code    36  armv10_std.o(.text)
    asc2nib                                  0x0800028d   Thumb Code    46  armv10_std.o(.text)
    hex2bcd                                  0x080002bb   Thumb Code     8  armv10_std.o(.text)
    init_leds_switches                       0x080002c3   Thumb Code    74  armv10_std.o(.text)
    set_leds                                 0x0800030d   Thumb Code    16  armv10_std.o(.text)
    get_switches                             0x0800031d   Thumb Code     8  armv10_std.o(.text)
    dil_taster_init                          0x08000325   Thumb Code   124  armv10_std.o(.text)
    dil_led_init                             0x080003a1   Thumb Code   112  armv10_std.o(.text)
    wait_ms                                  0x08000411   Thumb Code    26  armv10_std.o(.text)
    wait_10us                                0x0800042b   Thumb Code    12  armv10_std.o(.text)
    uart_init                                0x08000437   Thumb Code   122  armv10_std.o(.text)
    uart_get_char                            0x080004b1   Thumb Code    20  armv10_std.o(.text)
    uart_put_char                            0x080004c5   Thumb Code    18  armv10_std.o(.text)
    uart_put_hex                             0x080004d7   Thumb Code    44  armv10_std.o(.text)
    uart_put_string                          0x08000503   Thumb Code    22  armv10_std.o(.text)
    uart_clear                               0x08000519   Thumb Code    10  armv10_std.o(.text)
    uart_setpos                              0x08000523   Thumb Code    60  armv10_std.o(.text)
    lcd_write_cmd                            0x08000659   Thumb Code    34  armv10_std.o(.text)
    lcd_write_data                           0x0800067b   Thumb Code    34  armv10_std.o(.text)
    lcd_put_char                             0x0800069d   Thumb Code    76  armv10_std.o(.text)
    lcd_put_hex                              0x080006e9   Thumb Code    44  armv10_std.o(.text)
    lcd_set_cursor                           0x08000715   Thumb Code    58  armv10_std.o(.text)
    lcd_clear                                0x0800074f   Thumb Code    18  armv10_std.o(.text)
    lcd_put_string                           0x08000761   Thumb Code    22  armv10_std.o(.text)
    lcd_init                                 0x08000777   Thumb Code   154  armv10_std.o(.text)
    lcd_bargraph                             0x08000811   Thumb Code    52  armv10_std.o(.text)
    lcd_bargraphXY                           0x08000845   Thumb Code    68  armv10_std.o(.text)
    adc1_convert                             0x08000889   Thumb Code   464  armv10_std.o(.text)
    ton                                      0x08000a59   Thumb Code   340  armv10_std.o(.text)
    __user_setup_stackheap                   0x08000bad   Thumb Code    74  sys_stackheap_outer.o(.text)
    exit                                     0x08000bf7   Thumb Code    12  exit.o(.text)
    __user_libspace                          0x08000c05   Thumb Code     8  libspace.o(.text)
    __user_perproc_libspace                  0x08000c05   Thumb Code     0  libspace.o(.text)
    __user_perthread_libspace                0x08000c05   Thumb Code     0  libspace.o(.text)
    __rt_fp_status_addr                      0x08000c0d   Thumb Code    12  rt_fp_status_addr_intlibspace.o(.text)
    _sys_exit                                0x08000c19   Thumb Code    16  sys_exit.o(.text)
    __I$use$semihosting                      0x08000c2d   Thumb Code     0  use_no_semi.o(.text)
    __use_no_semihosting_swi                 0x08000c2d   Thumb Code     2  use_no_semi.o(.text)
    _fp_init                                 0x08000c2f   Thumb Code    14  fpinit.o(x$fpl$fpinit)
    __fplib_config_pureend_doubles           0x08000c3b   Thumb Code     0  fpinit.o(x$fpl$fpinit)
    SWAP_DATA                                0x08000c3c   Data          64  armv10_std.o(.constdata)
    UserFont                                 0x08000c7c   Data          64  armv10_std.o(.constdata)
    Region$$Table$$Base                      0x08000cbc   Number         0  anon$$obj.o(Region$$Table)
    Region$$Table$$Limit                     0x08000ccc   Number         0  anon$$obj.o(Region$$Table)
    __libspace_start                         0x20000000   Data          96  libspace.o(.bss)
    __temporary_stack_top$libspace           0x20000060   Data           0  libspace.o(.bss)



==============================================================================

Memory Map of the image

  Image Entry point : 0x08000171

  Load Region LR_1 (Base: 0x08000000, Size: 0x00000ccc, Max: 0xffffffff, ABSOLUTE)

    Execution Region ER_RO (Base: 0x08000000, Size: 0x00000ccc, Max: 0xffffffff, ABSOLUTE)

    Base Addr    Size         Type   Attr      Idx    E Section Name        Object

    0x08000000   0x000000ec   Data   RO            3    RESET               stm32f10x.o
    0x080000ec   0x00000008   Code   RO           80  * !!!main             __main.o(c_w.l)
    0x080000f4   0x00000034   Code   RO          242    !!!scatter          __scatter.o(c_w.l)
    0x08000128   0x0000001c   Code   RO          244    !!handler_zi        __scatter_zi.o(c_w.l)
    0x08000144   0x00000006   Code   RO          112    .ARM.Collect$$libinit$$00000000  libinit.o(c_w.l)
    0x0800014a   0x00000000   Code   RO          120    .ARM.Collect$$libinit$$00000006  libinit2.o(c_w.l)
    0x0800014a   0x00000000   Code   RO          122    .ARM.Collect$$libinit$$00000008  libinit2.o(c_w.l)
    0x0800014a   0x00000000   Code   RO          124    .ARM.Collect$$libinit$$0000000A  libinit2.o(c_w.l)
    0x0800014a   0x00000000   Code   RO          127    .ARM.Collect$$libinit$$0000000D  libinit2.o(c_w.l)
    0x0800014a   0x00000000   Code   RO          129    .ARM.Collect$$libinit$$0000000F  libinit2.o(c_w.l)
    0x0800014a   0x00000000   Code   RO          131    .ARM.Collect$$libinit$$00000011  libinit2.o(c_w.l)
    0x0800014a   0x00000000   Code   RO          133    .ARM.Collect$$libinit$$00000013  libinit2.o(c_w.l)
    0x0800014a   0x00000000   Code   RO          135    .ARM.Collect$$libinit$$00000015  libinit2.o(c_w.l)
    0x0800014a   0x00000000   Code   RO          137    .ARM.Collect$$libinit$$00000017  libinit2.o(c_w.l)
    0x0800014a   0x00000000   Code   RO          139    .ARM.Collect$$libinit$$00000019  libinit2.o(c_w.l)
    0x0800014a   0x00000000   Code   RO          141    .ARM.Collect$$libinit$$0000001B  libinit2.o(c_w.l)
    0x0800014a   0x00000000   Code   RO          143    .ARM.Collect$$libinit$$0000001D  libinit2.o(c_w.l)
    0x0800014a   0x00000000   Code   RO          145    .ARM.Collect$$libinit$$0000001F  libinit2.o(c_w.l)
    0x0800014a   0x00000000   Code   RO          147    .ARM.Collect$$libinit$$00000021  libinit2.o(c_w.l)
    0x0800014a   0x00000000   Code   RO          151    .ARM.Collect$$libinit$$00000028  libinit2.o(c_w.l)
    0x0800014a   0x00000000   Code   RO          153    .ARM.Collect$$libinit$$0000002A  libinit2.o(c_w.l)
    0x0800014a   0x00000000   Code   RO          155    .ARM.Collect$$libinit$$0000002C  libinit2.o(c_w.l)
    0x0800014a   0x00000000   Code   RO          157    .ARM.Collect$$libinit$$0000002E  libinit2.o(c_w.l)
    0x0800014a   0x00000002   Code   RO          158    .ARM.Collect$$libinit$$0000002F  libinit2.o(c_w.l)
    0x0800014c   0x00000002   Code   RO          184    .ARM.Collect$$libshutdown$$00000000  libshutdown.o(c_w.l)
    0x0800014e   0x00000000   Code   RO          197    .ARM.Collect$$libshutdown$$00000003  libshutdown2.o(c_w.l)
    0x0800014e   0x00000000   Code   RO          200    .ARM.Collect$$libshutdown$$00000006  libshutdown2.o(c_w.l)
    0x0800014e   0x00000000   Code   RO          203    .ARM.Collect$$libshutdown$$00000009  libshutdown2.o(c_w.l)
    0x0800014e   0x00000000   Code   RO          205    .ARM.Collect$$libshutdown$$0000000B  libshutdown2.o(c_w.l)
    0x0800014e   0x00000000   Code   RO          208    .ARM.Collect$$libshutdown$$0000000E  libshutdown2.o(c_w.l)
    0x0800014e   0x00000002   Code   RO          209    .ARM.Collect$$libshutdown$$0000000F  libshutdown2.o(c_w.l)
    0x08000150   0x00000000   Code   RO           82    .ARM.Collect$$rtentry$$00000000  rtentry.o(c_w.l)
    0x08000150   0x00000000   Code   RO           85    .ARM.Collect$$rtentry$$00000002  rtentry2.o(c_w.l)
    0x08000150   0x00000006   Code   RO          100    .ARM.Collect$$rtentry$$00000004  rtentry4.o(c_w.l)
    0x08000156   0x00000000   Code   RO           87    .ARM.Collect$$rtentry$$00000009  rtentry2.o(c_w.l)
    0x08000156   0x00000004   Code   RO           88    .ARM.Collect$$rtentry$$0000000A  rtentry2.o(c_w.l)
    0x0800015a   0x00000000   Code   RO           90    .ARM.Collect$$rtentry$$0000000C  rtentry2.o(c_w.l)
    0x0800015a   0x00000008   Code   RO           91    .ARM.Collect$$rtentry$$0000000D  rtentry2.o(c_w.l)
    0x08000162   0x00000002   Code   RO          116    .ARM.Collect$$rtexit$$00000000  rtexit.o(c_w.l)
    0x08000164   0x00000000   Code   RO          162    .ARM.Collect$$rtexit$$00000002  rtexit2.o(c_w.l)
    0x08000164   0x00000004   Code   RO          163    .ARM.Collect$$rtexit$$00000003  rtexit2.o(c_w.l)
    0x08000168   0x00000006   Code   RO          164    .ARM.Collect$$rtexit$$00000004  rtexit2.o(c_w.l)
    0x0800016e   0x00000002   PAD
    0x08000170   0x00000034   Code   RO            4  * .text               stm32f10x.o
    0x080001a4   0x000000c4   Code   RO           10    .text               infraredremote.o
    0x08000268   0x00000944   Code   RO           43    .text               armv10_std.o(ARMV10_STD.lib)
    0x08000bac   0x0000004a   Code   RO          102    .text               sys_stackheap_outer.o(c_w.l)
    0x08000bf6   0x0000000c   Code   RO          104    .text               exit.o(c_w.l)
    0x08000c02   0x00000002   PAD
    0x08000c04   0x00000008   Code   RO          113    .text               libspace.o(c_w.l)
    0x08000c0c   0x0000000c   Code   RO          172    .text               rt_fp_status_addr_intlibspace.o(c_w.l)
    0x08000c18   0x00000014   Code   RO          176    .text               sys_exit.o(c_w.l)
    0x08000c2c   0x00000002   Code   RO          187    .text               use_no_semi.o(c_w.l)
    0x08000c2e   0x0000000e   Code   RO          159    x$fpl$fpinit        fpinit.o(fz_ws.l)
    0x08000c3c   0x00000080   Data   RO           44    .constdata          armv10_std.o(ARMV10_STD.lib)
    0x08000cbc   0x00000010   Data   RO          240    Region$$Table       anon$$obj.o


    Execution Region ER_RW (Base: 0x20000000, Size: 0x00000000, Max: 0xffffffff, ABSOLUTE)

    **** No section assigned to this execution region ****


    Execution Region ER_ZI (Base: 0x20000000, Size: 0x00000260, Max: 0xffffffff, ABSOLUTE)

    Base Addr    Size         Type   Attr      Idx    E Section Name        Object

    0x20000000   0x00000060   Zero   RW          114    .bss                libspace.o(c_w.l)
    0x20000060   0x00000000   Zero   RW            2    HEAP                stm32f10x.o
    0x20000060   0x00000200   Zero   RW            1    STACK               stm32f10x.o


==============================================================================

Image component sizes


      Code (inc. data)   RO Data    RW Data    ZI Data      Debug   Object Name

       196         18          0          0          0       2304   infraredremote.o
        52         18        236          0        512        496   stm32f10x.o

    ----------------------------------------------------------------------
       248         36        252          0        512       2800   Object Totals
         0          0         16          0          0          0   (incl. Generated)
         0          0          0          0          0          3   (incl. Padding)

    ----------------------------------------------------------------------

      Code (inc. data)   RO Data    RW Data    ZI Data      Debug   Library Member Name

         8          0          0          0          0         68   __main.o
        52          8          0          0          0          0   __scatter.o
        28          0          0          0          0          0   __scatter_zi.o
      2372        154        128          0          0       8061   armv10_std.o
        12          0          0          0          0         68   exit.o
        14          0          0          0          0         76   fpinit.o
         6          0          0          0          0          0   libinit.o
         2          0          0          0          0          0   libinit2.o
         2          0          0          0          0          0   libshutdown.o
         2          0          0          0          0          0   libshutdown2.o
         8          4          0          0         96         68   libspace.o
        12          6          0          0          0         68   rt_fp_status_addr_intlibspace.o
         0          0          0          0          0          0   rtentry.o
        12          0          0          0          0          0   rtentry2.o
         6          0          0          0          0          0   rtentry4.o
         2          0          0          0          0          0   rtexit.o
        10          0          0          0          0          0   rtexit2.o
        20         10          0          0          0         68   sys_exit.o
        74          0          0          0          0         80   sys_stackheap_outer.o
         2          0          0          0          0         68   use_no_semi.o

    ----------------------------------------------------------------------
      2648        182        128          0         96       8625   Library Totals
         4          0          0          0          0          0   (incl. Padding)

    ----------------------------------------------------------------------

      Code (inc. data)   RO Data    RW Data    ZI Data      Debug   Library Name

      2372        154        128          0          0       8061   ARMV10_STD.lib
       258         28          0          0         96        488   c_w.l
        14          0          0          0          0         76   fz_ws.l

    ----------------------------------------------------------------------
      2648        182        128          0         96       8625   Library Totals

    ----------------------------------------------------------------------

==============================================================================


      Code (inc. data)   RO Data    RW Data    ZI Data      Debug   

      2896        218        380          0        608      10928   Grand Totals
      2896        218        380          0        608      10928   ELF Image Totals
      2896        218        380          0          0          0   ROM Totals

==============================================================================

    Total RO  Size (Code + RO Data)                 3276 (   3.20kB)
    Total RW  Size (RW Data + ZI Data)               608 (   0.59kB)
    Total ROM Size (Code + RO Data + RW Data)       3276 (   3.20kB)

==============================================================================

