<html>
<body>
<pre>
<h1>µVision Build Log</h1>
<h2>Project:</h2>
C:\Users\Benjamin Redl\OneDrive\Schule\4AHEL\DIC_REISINGER\Keil_Programme\Infraredremote\infraredremote.uvproj
Project File Date:  02/01/2017

<h2>Output:</h2>
Build target 'Target 1'
compiling infraredremote.c...
linking...
Program Size: Code=2872 RO-data=380 RW-data=0 ZI-data=608  
"infraredremote.axf" - 0 Error(s), 0 Warning(s).
Load "C:\\Users\\Benjamin Redl\\OneDrive\\Schule\\4AHEL\\DIC_REISINGER\\Keil_Programme\\Infraredremote\\infraredremote.AXF" 
Erase Done.
Cannot Write to RAM for Flash Algorithms !
Programming Failed!
Load "C:\\Users\\Benjamin Redl\\OneDrive\\Schule\\4AHEL\\DIC_REISINGER\\Keil_Programme\\Infraredremote\\infraredremote.AXF" 
Erase Done.
Programming Done.
Verify OK.
Load "C:\\Users\\Benjamin Redl\\OneDrive\\Schule\\4AHEL\\DIC_REISINGER\\Keil_Programme\\Infraredremote\\infraredremote.AXF" 
Erase Done.
Programming Done.
Verify OK.
Load "C:\\Users\\Benjamin Redl\\OneDrive\\Schule\\4AHEL\\DIC_REISINGER\\Keil_Programme\\Infraredremote\\infraredremote.AXF" 
Erase Done.
Programming Done.
Verify OK.
Build target 'Target 1'
assembling STM32F10x.s...
compiling infraredremote.c...
linking...
Program Size: Code=2872 RO-data=380 RW-data=0 ZI-data=608  
"infraredremote.axf" - 0 Error(s), 0 Warning(s).
Load "C:\\Users\\Benjamin Redl\\OneDrive\\Schule\\4AHEL\\DIC_REISINGER\\Keil_Programme\\Infraredremote\\infraredremote.AXF" 
Erase Done.
Programming Done.
Verify OK.
Build target 'Target 1'
compiling infraredremote.c...
linking...
Program Size: Code=2872 RO-data=380 RW-data=0 ZI-data=608  
"infraredremote.axf" - 0 Error(s), 0 Warning(s).
Load "C:\\Users\\Benjamin Redl\\OneDrive\\Schule\\4AHEL\\DIC_REISINGER\\Keil_Programme\\Infraredremote\\infraredremote.AXF" 
Erase Done.
Programming Done.
Verify OK.
Build target 'Target 1'
compiling infraredremote.c...
linking...
Program Size: Code=2872 RO-data=380 RW-data=0 ZI-data=608  
"infraredremote.axf" - 0 Error(s), 0 Warning(s).
Load "C:\\Users\\Benjamin Redl\\OneDrive\\Schule\\4AHEL\\DIC_REISINGER\\Keil_Programme\\Infraredremote\\infraredremote.AXF" 
Erase Done.
Programming Done.
Verify OK.
Build target 'Target 1'
compiling infraredremote.c...
infraredremote.c(45): warning:  #550-D: variable "time" was set but never used
infraredremote.c:   int column,row,bit,time;
infraredremote.c:                      ^
infraredremote.c: infraredremote.c: 1 warning, 0 errors
linking...
Program Size: Code=2884 RO-data=380 RW-data=0 ZI-data=608  
"infraredremote.axf" - 0 Error(s), 1 Warning(s).
Load "C:\\Users\\Benjamin Redl\\OneDrive\\Schule\\4AHEL\\DIC_REISINGER\\Keil_Programme\\Infraredremote\\infraredremote.AXF" 
Erase Done.
Programming Done.
Verify OK.
Build target 'Target 1'
compiling infraredremote.c...
linking...
Program Size: Code=2888 RO-data=380 RW-data=0 ZI-data=608  
"infraredremote.axf" - 0 Error(s), 0 Warning(s).
Load "C:\\Users\\Benjamin Redl\\OneDrive\\Schule\\4AHEL\\DIC_REISINGER\\Keil_Programme\\Infraredremote\\infraredremote.AXF" 
Erase Done.
Programming Done.
Verify OK.
Build target 'Target 1'
compiling infraredremote.c...
linking...
Program Size: Code=2888 RO-data=380 RW-data=0 ZI-data=608  
"infraredremote.axf" - 0 Error(s), 0 Warning(s).
Load "C:\\Users\\Benjamin Redl\\OneDrive\\Schule\\4AHEL\\DIC_REISINGER\\Keil_Programme\\Infraredremote\\infraredremote.AXF" 
Erase Done.
Programming Done.
Verify OK.
Build target 'Target 1'
compiling infraredremote.c...
linking...
Program Size: Code=2888 RO-data=380 RW-data=0 ZI-data=608  
"infraredremote.axf" - 0 Error(s), 0 Warning(s).
Load "C:\\Users\\Benjamin Redl\\OneDrive\\Schule\\4AHEL\\DIC_REISINGER\\Keil_Programme\\Infraredremote\\infraredremote.AXF" 
Erase Done.
Programming Done.
Verify OK.
Build target 'Target 1'
compiling infraredremote.c...
linking...
Program Size: Code=2888 RO-data=380 RW-data=0 ZI-data=608  
"infraredremote.axf" - 0 Error(s), 0 Warning(s).
Build target 'Target 1'
compiling infraredremote.c...
linking...
Program Size: Code=2888 RO-data=380 RW-data=0 ZI-data=608  
"infraredremote.axf" - 0 Error(s), 0 Warning(s).
Build target 'Target 1'
linking...
Program Size: Code=2888 RO-data=380 RW-data=0 ZI-data=608  
"infraredremote.axf" - 0 Error(s), 0 Warning(s).
Load "C:\\Users\\Benjamin Redl\\OneDrive\\Schule\\4AHEL\\DIC_REISINGER\\Keil_Programme\\Infraredremote\\infraredremote.AXF" 
Erase Done.
Programming Done.
Verify OK.
Build target 'Target 1'
compiling infraredremote.c...
linking...
Program Size: Code=2888 RO-data=380 RW-data=0 ZI-data=608  
"infraredremote.axf" - 0 Error(s), 0 Warning(s).
Load "C:\\Users\\Benjamin Redl\\OneDrive\\Schule\\4AHEL\\DIC_REISINGER\\Keil_Programme\\Infraredremote\\infraredremote.AXF" 
Erase Done.
Programming Done.
Verify OK.
Build target 'Target 1'
compiling infraredremote.c...
infraredremote.c(44): warning:  #550-D: variable "bitword" was set but never used
infraredremote.c:   char zahl,bitword[31];
infraredremote.c:             ^
infraredremote.c: infraredremote.c: 1 warning, 0 errors
linking...
Program Size: Code=2896 RO-data=380 RW-data=0 ZI-data=608  
"infraredremote.axf" - 0 Error(s), 1 Warning(s).
Load "C:\\Users\\Benjamin Redl\\OneDrive\\Schule\\4AHEL\\DIC_REISINGER\\Keil_Programme\\Infraredremote\\infraredremote.AXF" 
Cannot Write to RAM for Flash Algorithms !
Erase Failed!
Build target 'Target 1'
linking...
Program Size: Code=2896 RO-data=380 RW-data=0 ZI-data=608  
"infraredremote.axf" - 0 Error(s), 0 Warning(s).
Load "C:\\Users\\Benjamin Redl\\OneDrive\\Schule\\4AHEL\\DIC_REISINGER\\Keil_Programme\\Infraredremote\\infraredremote.AXF" 
Erase Done.
Programming Done.
Verify OK.
Build target 'Target 1'
creating Library...
"infraredremote.lib" - 0 Error(s), 0 Warning(s).
